// Jest Snapshot v1, https://goo.gl/fbAQLP

exports[`Main should be rendered 1`] = `
<div>
  <div
    className="css-d3pr11"
  >
    <div
      className="css-cyprvm"
      onClick={[Function]}
    >
    </div>
    <div
      className="css-cyprvm"
      onClick={[Function]}
    >
    </div>
    <div
      className="css-cyprvm"
      onClick={[Function]}
    >
    </div>
    <div
      className="css-cyprvm"
      onClick={[Function]}
    >
    </div>
    <div
      className="css-cyprvm"
      onClick={[Function]}
    >
    </div>
    <div
      className="css-cyprvm"
      onClick={[Function]}
    >
    </div>
    <div
      className="css-cyprvm"
      onClick={[Function]}
    >
       
      
    </div>
    <div
      className="css-cyprvm"
      onClick={[Function]}
    >
    </div>
  </div>
  <div
    className="css-d3pr11"
  >
    <div
      className="css-cyprvm"
      onClick={[Function]}
    >
    </div>
    <div
      className="css-cyprvm"
      onClick={[Function]}
    >
    </div>
    <div
      className="css-cyprvm"
      onClick={[Function]}
    >
    </div>
    <div
      className="css-cyprvm"
      onClick={[Function]}
    >
    </div>
    <div
      className="css-cyprvm"
      onClick={[Function]}
    >
    </div>
    <div
      className="css-cyprvm"
      onClick={[Function]}
    >
    </div>
    <div
      className="css-cyprvm"
      onClick={[Function]}
    >
       
      
    </div>
    <div
      className="css-cyprvm"
      onClick={[Function]}
    >
    </div>
  </div>
  <div
    className="css-d3pr11"
  >
    <div
      className="css-cyprvm"
      onClick={[Function]}
    >
    </div>
    <div
      className="css-cyprvm"
      onClick={[Function]}
    >
    </div>
    <div
      className="css-cyprvm"
      onClick={[Function]}
    >
    </div>
    <div
      className="css-cyprvm"
      onClick={[Function]}
    >
    </div>
    <div
      className="css-cyprvm"
      onClick={[Function]}
    >
    </div>
    <div
      className="css-cyprvm"
      onClick={[Function]}
    >
    </div>
    <div
      className="css-cyprvm"
      onClick={[Function]}
    >
    </div>
    <div
      className="css-cyprvm"
      onClick={[Function]}
    >
    </div>
  </div>
  <div
    className="css-d3pr11"
  >
    <div
      className="css-cyprvm"
      onClick={[Function]}
    >
    </div>
    <div
      className="css-cyprvm"
      onClick={[Function]}
    >
    </div>
    <div
      className="css-cyprvm"
      onClick={[Function]}
    >
    </div>
    <div
      className="css-cyprvm"
      onClick={[Function]}
    >
    </div>
    <div
      className="css-cyprvm"
      onClick={[Function]}
    >
    </div>
    <div
      className="css-cyprvm"
      onClick={[Function]}
    >
    </div>
    <div
      className="css-cyprvm"
      onClick={[Function]}
    >
    </div>
    <div
      className="css-cyprvm"
      onClick={[Function]}
    >
    </div>
  </div>
  <div
    className="css-d3pr11"
  >
    <div
      className="css-cyprvm"
      onClick={[Function]}
    >
    </div>
    <div
      className="css-cyprvm"
      onClick={[Function]}
    >
    </div>
    <div
      className="css-cyprvm"
      onClick={[Function]}
    >
    </div>
    <div
      className="css-cyprvm"
      onClick={[Function]}
    >
    </div>
    <div
      className="css-cyprvm"
      onClick={[Function]}
    >
    </div>
    <div
      className="css-cyprvm"
      onClick={[Function]}
    >
    </div>
    <div
      className="css-cyprvm"
      onClick={[Function]}
    >
    </div>
    <div
      className="css-cyprvm"
      onClick={[Function]}
    >
    </div>
  </div>
  <div
    className="css-d3pr11"
  >
    <div
      className="css-cyprvm"
      onClick={[Function]}
    >
    </div>
    <div
      className="css-cyprvm"
      onClick={[Function]}
    >
    </div>
    <div
      className="css-cyprvm"
      onClick={[Function]}
    >
    </div>
    <div
      className="css-cyprvm"
      onClick={[Function]}
    >
    </div>
    <div
      className="css-cyprvm"
      onClick={[Function]}
    >
    </div>
    <div
      className="css-cyprvm"
      onClick={[Function]}
    >
    </div>
    <div
      className="css-cyprvm"
      onClick={[Function]}
    >
    </div>
    <div
      className="css-cyprvm"
      onClick={[Function]}
    >
    </div>
  </div>
  <div
    className="css-d3pr11"
  >
    <div
      className="css-cyprvm"
      onClick={[Function]}
    >
    </div>
    <div
      className="css-cyprvm"
      onClick={[Function]}
    >
    </div>
    <div
      className="css-cyprvm"
      onClick={[Function]}
    >
    </div>
    <div
      className="css-cyprvm"
      onClick={[Function]}
    >
    </div>
    <div
      className="css-cyprvm"
      onClick={[Function]}
    >
    </div>
    <div
      className="css-cyprvm"
      onClick={[Function]}
    >
    </div>
    <div
      className="css-cyprvm"
      onClick={[Function]}
    >
    </div>
    <div
      className="css-cyprvm"
      onClick={[Function]}
    >
    </div>
  </div>
  <div
    className="css-d3pr11"
  >
    <div
      className="css-cyprvm"
      onClick={[Function]}
    >
    </div>
    <div
      className="css-cyprvm"
      onClick={[Function]}
    >
    </div>
    <div
      className="css-cyprvm"
      onClick={[Function]}
    >
    </div>
    <div
      className="css-cyprvm"
      onClick={[Function]}
    >
    </div>
    <div
      className="css-cyprvm"
      onClick={[Function]}
    >
    </div>
    <div
      className="css-cyprvm"
      onClick={[Function]}
    >
    </div>
    <div
      className="css-cyprvm"
      onClick={[Function]}
    >
    </div>
    <div
      className="css-cyprvm"
      onClick={[Function]}
    >
    </div>
  </div>
</div>
`;
